123123HUB
artemHUB
1231256747HUB
123123qwqwwqHUB
